 Waffle  Focused deploy · 01SNAPSH
 gpt · main · direct
──────────────────────────────────────────────────────
You
Explain the failed deploy.

Waffle
Finding
    ┌────────────────────────────────────────────┐
    │ Confirm                                    │
    │ Switch to the selected session and preser… │
    │                                            │
    │ Enter confirm · Esc cancel                 │
    └────────────────────────────────────────────┘
  ✓ read logs   2.1 KB
Error
Deploy remains unhealthy.



┌────────────────────────────────────────────────────┐
│ Ask Waffle…                                        │
└────────────────────────────────────────────────────┘
/help  /model  /sessions
